------------------------------------------------------------
TimeQuest Timing Analyzer Summary
------------------------------------------------------------

Type  : Slow Model Setup 'clk'
Slack : -9.762
TNS   : -514.892

Type  : Slow Model Setup 'controlador:controlador0|alucontrol[3]'
Slack : -9.681
TNS   : -9.681

Type  : Slow Model Setup 'controlador:controlador0|state.ST'
Slack : -1.970
TNS   : -4.831

Type  : Slow Model Setup 'controlador:controlador0|state.ADD'
Slack : -1.842
TNS   : -7.280

Type  : Slow Model Setup 'controlador:controlador0|state.busca'
Slack : -1.491
TNS   : -7.203

Type  : Slow Model Hold 'controlador:controlador0|state.ST'
Slack : -4.443
TNS   : -20.342

Type  : Slow Model Hold 'controlador:controlador0|state.ADD'
Slack : -2.509
TNS   : -8.499

Type  : Slow Model Hold 'clk'
Slack : -2.204
TNS   : -5.939

Type  : Slow Model Hold 'controlador:controlador0|state.busca'
Slack : -2.010
TNS   : -10.816

Type  : Slow Model Hold 'controlador:controlador0|alucontrol[3]'
Slack : 5.132
TNS   : 0.000

Type  : Slow Model Minimum Pulse Width 'clk'
Slack : -2.000
TNS   : -254.380

Type  : Slow Model Minimum Pulse Width 'controlador:controlador0|alucontrol[3]'
Slack : 0.500
TNS   : 0.000

Type  : Slow Model Minimum Pulse Width 'controlador:controlador0|state.ADD'
Slack : 0.500
TNS   : 0.000

Type  : Slow Model Minimum Pulse Width 'controlador:controlador0|state.ST'
Slack : 0.500
TNS   : 0.000

Type  : Slow Model Minimum Pulse Width 'controlador:controlador0|state.busca'
Slack : 0.500
TNS   : 0.000

Type  : Fast Model Setup 'controlador:controlador0|alucontrol[3]'
Slack : -4.285
TNS   : -4.285

Type  : Fast Model Setup 'clk'
Slack : -3.881
TNS   : -217.313

Type  : Fast Model Setup 'controlador:controlador0|state.ST'
Slack : -0.554
TNS   : -1.168

Type  : Fast Model Setup 'controlador:controlador0|state.ADD'
Slack : -0.468
TNS   : -1.566

Type  : Fast Model Setup 'controlador:controlador0|state.busca'
Slack : -0.093
TNS   : -0.093

Type  : Fast Model Hold 'controlador:controlador0|state.ST'
Slack : -2.096
TNS   : -11.117

Type  : Fast Model Hold 'controlador:controlador0|state.ADD'
Slack : -1.483
TNS   : -5.203

Type  : Fast Model Hold 'clk'
Slack : -1.424
TNS   : -8.932

Type  : Fast Model Hold 'controlador:controlador0|state.busca'
Slack : -1.236
TNS   : -7.033

Type  : Fast Model Hold 'controlador:controlador0|alucontrol[3]'
Slack : 2.791
TNS   : 0.000

Type  : Fast Model Minimum Pulse Width 'clk'
Slack : -2.000
TNS   : -254.380

Type  : Fast Model Minimum Pulse Width 'controlador:controlador0|alucontrol[3]'
Slack : 0.500
TNS   : 0.000

Type  : Fast Model Minimum Pulse Width 'controlador:controlador0|state.ADD'
Slack : 0.500
TNS   : 0.000

Type  : Fast Model Minimum Pulse Width 'controlador:controlador0|state.ST'
Slack : 0.500
TNS   : 0.000

Type  : Fast Model Minimum Pulse Width 'controlador:controlador0|state.busca'
Slack : 0.500
TNS   : 0.000

------------------------------------------------------------
